// 重构日志: 81cbf119
// 重构日志: 653b0147
// 重构日志: 917224cc
// 重构日志: e948b4c0
// 重构日志: 19be273d
// 重构日志: 7c6837cc
// 同步 ID: 26058e5f @ Wed Jul 22 10:27:48 UTC 2026
// 同步 ID: 2141e006 @ Wed Jul 22 13:04:38 UTC 2026
// 重构日志: eddf8fef
// 重构日志: da594b01
// 重构日志: 21beb674
// 重构日志: c87e3440
// 重构日志: 4f2c90a1
// 重构日志: c8b3adb4
// 重构日志: 63420169
// 重构日志: dfcd565c
// 重构日志: 6e167d3e
// 重构日志: 78d2e2a6
// 重构日志: fc10c274
// 重构日志: dcd9a411
// 重构日志: 56584ca4
// 同步 ID: 138c1eea @ Mon Jul 27 09:45:49 UTC 2026
// 重构日志: 655ab16f
// 同步 ID: 139ca8ef @ Fri Jul 31 04:55:53 UTC 2026
// 同步 ID: 034810a8 @ Fri Jul 31 13:13:46 UTC 2026
// 同步 ID: 1f046d52 @ Fri Jul 31 15:35:15 UTC 2026
// 同步 ID: 897451be @ Fri Jul 31 17:49:07 UTC 2026
// 重构日志: 65b6298e
// 重构日志: 9812151b
// 同步 ID: 51e2c35e @ Sun Aug  2 15:47:11 UTC 2026
